
> app@0.1.0 build
> next build

Ôû▓ Next.js 16.1.6 (Turbopack)
- Environments: .env.local

node.exe : ÔÜá The 
"middleware" file convention 
is deprecated. Please use 
"proxy" instead. Learn more: 
https://nextjs.org/docs/messa
ges/middleware-to-proxy
Au caractère C:\Users\Keiis O
siris\AppData\Roaming\npm\npm
.ps1:24 : 5
+     & "node$exe"  "$basedir
/node_modules/npm/bin/npm-cli
.js" $args
+     ~~~~~~~~~~~~~~~~~~~~~~~
~~~~~~~~~~~~~~~~~~~~~~~~~~~~~
~~~~~~~~~~
    + CategoryInfo           
   : NotSpecified: (ÔÜá The  
   "middle...leware-to-pro   
 xy:String) [], RemoteExc    
eption
    + FullyQualifiedErrorId  
   : NativeCommandError
 
  Creating an optimized production build ...
Ô£ô Compiled successfully in 10.7s
  Running TypeScript ...
Failed to compile.

./components/ui/ProjectModal.
tsx:192:25
Type error: Type '{ type: 
string; damping: number; 
stiffness: number; } | { 
duration: number; ease: 
number[]; }' is not 
assignable to type 
'Transition<any> | 
undefined'.
  Type '{ type: string; 
damping: number; stiffness: 
number; }' is not assignable 
to type 'Transition<any> | 
undefined'.
    Type '{ type: string; 
damping: number; stiffness: 
number; }' is not assignable 
to type 'TransitionWithValueO
verrides<any>'.
      Type '{ type: string; 
damping: number; stiffness: 
number; }' is not assignable 
to type 'ValueAnimationTransi
tion<any>'.
        Types of property 
'type' are incompatible.
          Type 'string' is 
not assignable to type 
'AnimationGeneratorType | 
undefined'.

[0m [90m 190 |[39m        
                 animate[33m
=[39m{currentVariant[33m.[
39manimate}
 [90m 191 |[39m            
             exit[33m=[39m{
currentVariant[33m.[39mexit
}
[31m[1m>[22m[39m[90m 
192 |[39m                   
      transition[33m=[39m{c
urrentVariant[33m.[39mtrans
ition}
 [90m     |[39m            
             
[31m[1m^[22m[39m
 [90m 193 |[39m            
             className[33m=
[39m[32m"relative w-full 
h-full md:w-[95vw] 
md:max-w-7xl md:h-[90vh] 
bg-neutral-950 md:border 
md:border-white/10 
md:rounded-2xl 
overflow-hidden shadow-[0_0_1
00px_rgba(0,0,0,0.8)] flex 
flex-col md:flex-row"[39m
 [90m 194 |[39m            
         [33m>[39m
 [90m 195 |[39m            
             {[90m/* Left: 
Image Gallery Section 
*/[39m}[0m
Next.js build worker exited 
with code: 1 and signal: null
