components/ui/ProjectModal.tsx(192,25): error TS2322: Type '{ type: string; damping: number; stiffness: number; } | { duration: number; ease: number[]; }' is not assignable to type 'Transition<any> | undefined'.
  Type '{ type: string; damping: number; stiffness: number; }' is not assignable to type 'Transition<any> | undefined'.
    Type '{ type: string; damping: number; stiffness: number; }' is not assignable to type 'TransitionWithValueOverrides<any>'.
      Type '{ type: string; damping: number; stiffness: number; }' is not assignable to type 'ValueAnimationTransition<any>'.
        Types of property 'type' are incompatible.
          Type 'string' is not assignable to type 'AnimationGeneratorType | undefined'.
